// Jest Snapshot v1, https://goo.gl/fbAQLP

exports[`Album component GIVEN testProps WHEN the component is mounted THEN should show correctly 1`] = `ShallowWrapper {}`;
